main.c:68:6:Led_Display_Red	8	static
main.c:71:6:Led_Display_Green	8	static
main.c:74:6:Led_Display_Yellow	8	static
main.c:77:6:Led_Display_Orange	8	static
main.c:80:6:Led_Display_Blue	8	static
main.c:88:6:HAL_UART_RxCpltCallback	16	static
main.c:100:5:main	16	static
main.c:164:6:SystemClock_Config	88	static
main.c:207:13:MX_ADC1_Init	24	static
main.c:252:13:MX_TIM2_Init	32	static
main.c:297:13:MX_USART2_UART_Init	8	static
main.c:330:13:MX_GPIO_Init	32	static
main.c:359:6:HAL_TIM_PeriodElapsedCallback	16	static
main.c:376:6:Error_Handler	4	static,ignoring_inline_asm
